// Jest Snapshot v1, https://goo.gl/fbAQLP

exports[`graphqlPath also supports graphql tag result for fragments 1`] = `
"query FooQuery {
  somethingOnRoot
  someResource {
    onSomeResource
    anotherField {
      onAnotherField
      ...Foo
    }
  }
}

fragment Foo on Bar {
  blah
}
"
`;

exports[`graphqlPath doesn't try to get the path of invalid strings 1`] = `
"query FooQuery {
  ...UndefinedFragment
  invalidWithoutInterpolated {
    foo
    bar
    baz
  }
}

fragment UnparsedFragment on Query {
  hello
}
"
`;

exports[`graphqlPath is itself a valid graphql document 1`] = `
"query FooQuery {
  ...Base
}

fragment Base on Query {
  someResource {
    ...Child
  }
}

fragment Child on Base {
  anotherField {
    ...SubChild
  }
}

fragment SubChild on Child {
  blah
}
"
`;

exports[`graphqlPath returns a map of paths in a graphql query 1`] = `
"query FooQuery {
  somethingOnRoot
  someResource {
    onSomeResource
    anotherField {
      onAnotherField
      ...Foo
    }
  }
}

fragment Foo on Bar {
  blah
}
"
`;

exports[`graphqlPath works with nested fragments 1`] = `
"query FooQuery {
  ...Base
}

fragment Base on Query {
  someResource {
    ...Child
  }
}

fragment Child on Base {
  anotherField {
    ...SubChild
  }
}

fragment SubChild on Child {
  blah
}
"
`;
