// Jest Snapshot v1, https://goo.gl/fbAQLP

exports[`complex list path example 1`] = `
<div>
  <div>
    <div>
      [0,0]
    </div>
    <div>
      [0,1]
    </div>
    <div>
      [0,2]
    </div>
    <div>
      [0,3]
    </div>
  </div>
  <div>
    <div>
      [1,0]
    </div>
    <div>
      [1,1]
    </div>
    <div>
      [1,2]
    </div>
    <div>
      [1,3]
    </div>
  </div>
  <div>
    <div>
      [2,0]
    </div>
    <div>
      [2,1]
    </div>
    <div>
      [2,2]
    </div>
    <div>
      [2,3]
    </div>
  </div>
  <div>
    <div>
      [3,0]
    </div>
    <div>
      [3,1]
    </div>
    <div>
      [3,2]
    </div>
    <div>
      [3,3]
    </div>
  </div>
</div>
`;
